{
  "body": [
    {
      "media_type": "application/json",
      "required": true,
      "schema": {
        "$ref": "#/x-moved-references/-definitions-RefCycle4",
        "x-moved-references": {
          "-definitions-RefCycle4": {
            "properties": {
              "id": {
                "type": "string"
              },
              "ref": {
                "properties": {
                  "name": {
                    "type": "string"
                  },
                  "ref": {
                    "properties": {
                      "email": {
                        "type": "string"
                      },
                      "ref": {
                        "properties": {
                          "phone": {
                            "type": "string"
                          },
                          "ref": {
                            "properties": {
                              "address": {
                                "type": "string"
                              },
                              "ref": {
                                "properties": {
                                  "id": {
                                    "type": "string"
                                  },
                                  "ref": {
                                    "properties": {
                                      "name": {
                                        "type": "string"
                                      },
                                      "ref": {
                                        "properties": {
                                          "email": {
                                            "type": "string"
                                          },
                                          "ref": {
                                            "properties": {
                                              "phone": {
                                                "type": "string"
                                              },
                                              "ref": {
                                                "properties": {
                                                  "address": {
                                                    "type": "string"
                                                  },
                                                  "ref": {}
                                                },
                                                "type": "object"
                                              }
                                            },
                                            "type": "object"
                                          }
                                        },
                                        "type": "object"
                                      }
                                    },
                                    "type": "object"
                                  }
                                },
                                "type": "object"
                              }
                            },
                            "type": "object"
                          }
                        },
                        "type": "object"
                      }
                    },
                    "type": "object"
                  }
                },
                "type": "object"
              }
            },
            "type": "object"
          },
          "-definitions-RefCycle4B": {
            "properties": {
              "name": {
                "type": "string"
              },
              "ref": {
                "properties": {
                  "email": {
                    "type": "string"
                  },
                  "ref": {
                    "properties": {
                      "phone": {
                        "type": "string"
                      },
                      "ref": {
                        "properties": {
                          "address": {
                            "type": "string"
                          },
                          "ref": {
                            "properties": {
                              "id": {
                                "type": "string"
                              },
                              "ref": {
                                "properties": {
                                  "name": {
                                    "type": "string"
                                  },
                                  "ref": {
                                    "properties": {
                                      "email": {
                                        "type": "string"
                                      },
                                      "ref": {
                                        "properties": {
                                          "phone": {
                                            "type": "string"
                                          },
                                          "ref": {
                                            "properties": {
                                              "address": {
                                                "type": "string"
                                              },
                                              "ref": {
                                                "properties": {
                                                  "id": {
                                                    "type": "string"
                                                  },
                                                  "ref": {
                                                    "properties": {
                                                      "name": {
                                                        "type": "string"
                                                      },
                                                      "ref": {
                                                        "properties": {
                                                          "email": {
                                                            "type": "string"
                                                          },
                                                          "ref": {
                                                            "properties": {
                                                              "phone": {
                                                                "type": "string"
                                                              },
                                                              "ref": {
                                                                "properties": {
                                                                  "address": {
                                                                    "type": "string"
                                                                  },
                                                                  "ref": {}
                                                                },
                                                                "type": "object"
                                                              }
                                                            },
                                                            "type": "object"
                                                          }
                                                        },
                                                        "type": "object"
                                                      }
                                                    },
                                                    "type": "object"
                                                  }
                                                },
                                                "type": "object"
                                              }
                                            },
                                            "type": "object"
                                          }
                                        },
                                        "type": "object"
                                      }
                                    },
                                    "type": "object"
                                  }
                                },
                                "type": "object"
                              }
                            },
                            "type": "object"
                          }
                        },
                        "type": "object"
                      }
                    },
                    "type": "object"
                  }
                },
                "type": "object"
              }
            },
            "type": "object"
          },
          "-definitions-RefCycle4C": {
            "properties": {
              "email": {
                "type": "string"
              },
              "ref": {
                "properties": {
                  "phone": {
                    "type": "string"
                  },
                  "ref": {
                    "properties": {
                      "address": {
                        "type": "string"
                      },
                      "ref": {
                        "properties": {
                          "id": {
                            "type": "string"
                          },
                          "ref": {
                            "properties": {
                              "name": {
                                "type": "string"
                              },
                              "ref": {
                                "properties": {
                                  "email": {
                                    "type": "string"
                                  },
                                  "ref": {
                                    "properties": {
                                      "phone": {
                                        "type": "string"
                                      },
                                      "ref": {
                                        "properties": {
                                          "address": {
                                            "type": "string"
                                          },
                                          "ref": {
                                            "properties": {
                                              "id": {
                                                "type": "string"
                                              },
                                              "ref": {
                                                "properties": {
                                                  "name": {
                                                    "type": "string"
                                                  },
                                                  "ref": {
                                                    "properties": {
                                                      "email": {
                                                        "type": "string"
                                                      },
                                                      "ref": {
                                                        "properties": {
                                                          "phone": {
                                                            "type": "string"
                                                          },
                                                          "ref": {
                                                            "properties": {
                                                              "address": {
                                                                "type": "string"
                                                              },
                                                              "ref": {}
                                                            },
                                                            "type": "object"
                                                          }
                                                        },
                                                        "type": "object"
                                                      }
                                                    },
                                                    "type": "object"
                                                  }
                                                },
                                                "type": "object"
                                              }
                                            },
                                            "type": "object"
                                          }
                                        },
                                        "type": "object"
                                      }
                                    },
                                    "type": "object"
                                  }
                                },
                                "type": "object"
                              }
                            },
                            "type": "object"
                          }
                        },
                        "type": "object"
                      }
                    },
                    "type": "object"
                  }
                },
                "type": "object"
              }
            },
            "type": "object"
          },
          "-definitions-RefCycle4D": {
            "properties": {
              "phone": {
                "type": "string"
              },
              "ref": {
                "properties": {
                  "address": {
                    "type": "string"
                  },
                  "ref": {
                    "properties": {
                      "id": {
                        "type": "string"
                      },
                      "ref": {
                        "properties": {
                          "name": {
                            "type": "string"
                          },
                          "ref": {
                            "properties": {
                              "email": {
                                "type": "string"
                              },
                              "ref": {
                                "properties": {
                                  "phone": {
                                    "type": "string"
                                  },
                                  "ref": {
                                    "properties": {
                                      "address": {
                                        "type": "string"
                                      },
                                      "ref": {
                                        "properties": {
                                          "id": {
                                            "type": "string"
                                          },
                                          "ref": {
                                            "properties": {
                                              "name": {
                                                "type": "string"
                                              },
                                              "ref": {
                                                "properties": {
                                                  "email": {
                                                    "type": "string"
                                                  },
                                                  "ref": {
                                                    "properties": {
                                                      "phone": {
                                                        "type": "string"
                                                      },
                                                      "ref": {
                                                        "properties": {
                                                          "address": {
                                                            "type": "string"
                                                          },
                                                          "ref": {}
                                                        },
                                                        "type": "object"
                                                      }
                                                    },
                                                    "type": "object"
                                                  }
                                                },
                                                "type": "object"
                                              }
                                            },
                                            "type": "object"
                                          }
                                        },
                                        "type": "object"
                                      }
                                    },
                                    "type": "object"
                                  }
                                },
                                "type": "object"
                              }
                            },
                            "type": "object"
                          }
                        },
                        "type": "object"
                      }
                    },
                    "type": "object"
                  }
                },
                "type": "object"
              }
            },
            "type": "object"
          },
          "-definitions-RefCycle4E": {
            "properties": {
              "address": {
                "type": "string"
              },
              "ref": {
                "properties": {
                  "id": {
                    "type": "string"
                  },
                  "ref": {
                    "properties": {
                      "name": {
                        "type": "string"
                      },
                      "ref": {
                        "properties": {
                          "email": {
                            "type": "string"
                          },
                          "ref": {
                            "properties": {
                              "phone": {
                                "type": "string"
                              },
                              "ref": {
                                "properties": {
                                  "address": {
                                    "type": "string"
                                  },
                                  "ref": {
                                    "properties": {
                                      "id": {
                                        "type": "string"
                                      },
                                      "ref": {
                                        "properties": {
                                          "name": {
                                            "type": "string"
                                          },
                                          "ref": {
                                            "properties": {
                                              "email": {
                                                "type": "string"
                                              },
                                              "ref": {
                                                "properties": {
                                                  "phone": {
                                                    "type": "string"
                                                  },
                                                  "ref": {
                                                    "properties": {
                                                      "address": {
                                                        "type": "string"
                                                      },
                                                      "ref": {}
                                                    },
                                                    "type": "object"
                                                  }
                                                },
                                                "type": "object"
                                              }
                                            },
                                            "type": "object"
                                          }
                                        },
                                        "type": "object"
                                      }
                                    },
                                    "type": "object"
                                  }
                                },
                                "type": "object"
                              }
                            },
                            "type": "object"
                          }
                        },
                        "type": "object"
                      }
                    },
                    "type": "object"
                  }
                },
                "type": "object"
              }
            },
            "type": "object"
          }
        }
      }
    }
  ],
  "headers": [],
  "method": "post",
  "path": "/ref-cycle-4",
  "path_parameters": [],
  "query": []
}
