{
  "body": [
    {
      "media_type": "application/json",
      "required": false,
      "schema": {
        "$ref": "#/x-moved-references/-definitions-LocalBodySchema",
        "x-moved-references": {
          "-definitions-LocalBodySchema": {
            "properties": {
              "local_property": {
                "type": "string"
              }
            },
            "type": "object"
          }
        }
      }
    },
    {
      "media_type": "multipart/form-data",
      "required": false,
      "schema": {
        "$ref": "#/x-moved-references/-definitions-LocalBodySchema",
        "x-moved-references": {
          "-definitions-LocalBodySchema": {
            "properties": {
              "local_property": {
                "type": "string"
              }
            },
            "type": "object"
          }
        }
      }
    }
  ],
  "headers": [
    {
      "location": "header",
      "name": "local_header",
      "required": false,
      "schema": {
        "type": "string"
      }
    },
    {
      "location": "header",
      "name": "shared_header",
      "required": false,
      "schema": {
        "type": "string"
      }
    }
  ],
  "method": "post",
  "path": "/referenced-params-body",
  "path_parameters": [],
  "query": [
    {
      "location": "query",
      "name": "local_query",
      "required": false,
      "schema": {
        "type": "string"
      }
    },
    {
      "location": "query",
      "name": "shared_query",
      "required": false,
      "schema": {
        "type": "string"
      }
    }
  ]
}
