{
  "body": [
    {
      "media_type": "application/json",
      "required": true,
      "schema": {
        "$ref": "#/x-moved-references/-definitions-User",
        "x-moved-references": {
          "-definitions-User": {
            "properties": {
              "createdAt": {
                "format": "date-time",
                "type": "string"
              },
              "email": {
                "format": "email",
                "type": "string"
              },
              "id": {
                "type": "string"
              },
              "name": {
                "type": "string"
              },
              "updatedAt": {
                "format": "date-time",
                "type": "string"
              }
            },
            "required": [
              "name",
              "email"
            ],
            "type": "object"
          }
        }
      }
    },
    {
      "media_type": "multipart/form-data",
      "required": true,
      "schema": {
        "$ref": "#/x-moved-references/-definitions-User",
        "x-moved-references": {
          "-definitions-User": {
            "properties": {
              "createdAt": {
                "format": "date-time",
                "type": "string"
              },
              "email": {
                "format": "email",
                "type": "string"
              },
              "id": {
                "type": "string"
              },
              "name": {
                "type": "string"
              },
              "updatedAt": {
                "format": "date-time",
                "type": "string"
              }
            },
            "required": [
              "name",
              "email"
            ],
            "type": "object"
          }
        }
      }
    }
  ],
  "headers": [],
  "method": "post",
  "path": "/users",
  "path_parameters": [],
  "query": []
}
