{
  "body": [
    {
      "media_type": "application/json",
      "required": true,
      "schema": {
        "$ref": "#/x-moved-references/-definitions-RefCycle2",
        "x-moved-references": {
          "-definitions-RefCycle2": {
            "properties": {
              "id": {
                "type": "string"
              },
              "ref": {
                "properties": {
                  "name": {
                    "type": "string"
                  },
                  "ref": {
                    "properties": {
                      "email": {
                        "type": "string"
                      },
                      "ref": {
                        "properties": {
                          "id": {
                            "type": "string"
                          },
                          "ref": {
                            "properties": {
                              "name": {
                                "type": "string"
                              },
                              "ref": {
                                "properties": {
                                  "email": {
                                    "type": "string"
                                  },
                                  "ref": {}
                                },
                                "type": "object"
                              }
                            },
                            "type": "object"
                          }
                        },
                        "type": "object"
                      }
                    },
                    "type": "object"
                  }
                },
                "type": "object"
              }
            },
            "type": "object"
          },
          "-definitions-RefCycle2B": {
            "properties": {
              "name": {
                "type": "string"
              },
              "ref": {
                "properties": {
                  "email": {
                    "type": "string"
                  },
                  "ref": {
                    "properties": {
                      "id": {
                        "type": "string"
                      },
                      "ref": {
                        "properties": {
                          "name": {
                            "type": "string"
                          },
                          "ref": {
                            "properties": {
                              "email": {
                                "type": "string"
                              },
                              "ref": {
                                "properties": {
                                  "id": {
                                    "type": "string"
                                  },
                                  "ref": {
                                    "properties": {
                                      "name": {
                                        "type": "string"
                                      },
                                      "ref": {
                                        "properties": {
                                          "email": {
                                            "type": "string"
                                          },
                                          "ref": {}
                                        },
                                        "type": "object"
                                      }
                                    },
                                    "type": "object"
                                  }
                                },
                                "type": "object"
                              }
                            },
                            "type": "object"
                          }
                        },
                        "type": "object"
                      }
                    },
                    "type": "object"
                  }
                },
                "type": "object"
              }
            },
            "type": "object"
          },
          "-definitions-RefCycle2C": {
            "properties": {
              "email": {
                "type": "string"
              },
              "ref": {
                "properties": {
                  "id": {
                    "type": "string"
                  },
                  "ref": {
                    "properties": {
                      "name": {
                        "type": "string"
                      },
                      "ref": {
                        "properties": {
                          "email": {
                            "type": "string"
                          },
                          "ref": {
                            "properties": {
                              "id": {
                                "type": "string"
                              },
                              "ref": {
                                "properties": {
                                  "name": {
                                    "type": "string"
                                  },
                                  "ref": {
                                    "properties": {
                                      "email": {
                                        "type": "string"
                                      },
                                      "ref": {}
                                    },
                                    "type": "object"
                                  }
                                },
                                "type": "object"
                              }
                            },
                            "type": "object"
                          }
                        },
                        "type": "object"
                      }
                    },
                    "type": "object"
                  }
                },
                "type": "object"
              }
            },
            "type": "object"
          }
        }
      }
    }
  ],
  "headers": [],
  "method": "post",
  "path": "/ref-cycle-2",
  "path_parameters": [],
  "query": []
}
