{
  "operations": {
    "GET /items": {
      "inputs": [],
      "outputs": []
    }
  },
  "resources": {}
}
