{
  "operations": {
    "POST /customers": {
      "inputs": [],
      "outputs": [
        {
          "cardinality": "ONE",
          "pointer": "/",
          "resource": "Customer",
          "status_code": "201"
        }
      ]
    },
    "POST /orders": {
      "inputs": [
        {
          "parameter_location": "body",
          "parameter_name": "customer_id",
          "resource": "Customer",
          "resource_field": "id"
        }
      ],
      "outputs": [
        {
          "cardinality": "ONE",
          "pointer": "/",
          "resource": "Order",
          "status_code": "201"
        }
      ]
    }
  },
  "resources": {
    "Customer": {
      "fields": [
        "id"
      ],
      "types": {
        "id": [
          "string"
        ]
      }
    },
    "Order": {
      "fields": [
        "customer_id",
        "id",
        "total"
      ],
      "types": {
        "customer_id": [
          "string"
        ],
        "id": [
          "string"
        ],
        "total": [
          "number"
        ]
      }
    }
  }
}
