{
  "operations": {
    "GET /users/{id}": {
      "inputs": [
        {
          "parameter_location": "path",
          "parameter_name": "id",
          "resource": "User",
          "resource_field": "id"
        }
      ],
      "outputs": []
    },
    "POST /users": {
      "inputs": [],
      "outputs": []
    }
  },
  "resources": {
    "User": {
      "fields": [
        "id"
      ],
      "types": {}
    }
  }
}
