[
  [
    "200",
    "#/paths/~1users~1{id}/get",
    {
      "GetUser": {
        "operationRef": "#/paths/~1users~1{userId}~1messages/get",
        "parameters": {
          "path.userId": "$response.body#/id"
        },
        "x-schemathesis": {
          "is_inferred": true
        }
      }
    }
  ],
  [
    "200",
    "#/paths/~1users~1{userId}~1messages/get",
    {
      "GetUser": {
        "operationRef": "#/paths/~1users~1{id}/get",
        "parameters": {
          "path.id": "$response.body#/id"
        },
        "x-schemathesis": {
          "is_inferred": true
        }
      }
    }
  ]
]
