{
  "operations": {
    "POST /customers": {
      "inputs": [],
      "outputs": [
        {
          "cardinality": "ONE",
          "pointer": "/",
          "resource": "Customer",
          "status_code": "201"
        }
      ]
    },
    "POST /products": {
      "inputs": [],
      "outputs": [
        {
          "cardinality": "ONE",
          "pointer": "/",
          "resource": "Product",
          "status_code": "201"
        }
      ]
    }
  },
  "resources": {
    "Customer": {
      "fields": [
        "id"
      ],
      "types": {
        "id": [
          "string"
        ]
      }
    },
    "Product": {
      "fields": [
        "id",
        "name",
        "price"
      ],
      "types": {
        "id": [
          "string"
        ],
        "name": [
          "string"
        ],
        "price": [
          "number"
        ]
      }
    }
  }
}
