[
  [
    "201",
    "#/paths/~1customers/post",
    {
      "PostCustomer": {
        "operationRef": "#/paths/~1orders/post",
        "requestBody": {
          "customer_id": "$response.body#/id"
        },
        "x-schemathesis": {
          "is_inferred": true,
          "merge_body": true
        }
      }
    }
  ]
]
