{
  "operations": {
    "PUT /test": {
      "inputs": [],
      "outputs": [
        {
          "cardinality": "ONE",
          "pointer": "/",
          "resource": "WebService",
          "status_code": "201"
        }
      ]
    }
  },
  "resources": {
    "WebService": {
      "fields": [
        "key1"
      ],
      "types": {
        "key1": [
          "array",
          "boolean",
          "null",
          "number",
          "object",
          "string"
        ]
      }
    }
  }
}
