{
  "operations": {
    "DELETE /items/{runner_group_id}": {
      "inputs": [
        {
          "parameter_location": "path",
          "parameter_name": "runner_group_id",
          "resource": "RunnerGroup",
          "resource_field": "id"
        }
      ],
      "outputs": []
    },
    "GET /items/runner-groups": {
      "inputs": [],
      "outputs": [
        {
          "cardinality": "MANY",
          "pointer": "/runner_groups",
          "resource": "RunnerGroup",
          "status_code": "200"
        }
      ]
    }
  },
  "resources": {
    "RunnerGroup": {
      "fields": [
        "id"
      ],
      "types": {
        "id": [
          "string"
        ]
      }
    }
  }
}
