{
  "operations": {
    "DELETE /api/patch/v1/systems/{inventory_id}": {
      "inputs": [
        {
          "parameter_location": "path",
          "parameter_name": "inventory_id",
          "resource": "Inventory",
          "resource_field": "inventory_id"
        }
      ],
      "outputs": []
    },
    "GET /api/patch/v1/advisories": {
      "inputs": [],
      "outputs": [
        {
          "cardinality": "MANY",
          "pointer": "/data",
          "resource": "controllers.AdvisoryItem",
          "status_code": "200"
        }
      ]
    },
    "GET /api/patch/v1/advisories/{advisory_id}": {
      "inputs": [
        {
          "parameter_location": "path",
          "parameter_name": "advisory_id",
          "resource": "Advisory",
          "resource_field": "advisory_id"
        }
      ],
      "outputs": [
        {
          "cardinality": "ONE",
          "pointer": "/data",
          "resource": "controllers.AdvisoryDetailItem",
          "status_code": "200"
        }
      ]
    },
    "GET /api/patch/v1/advisories/{advisory_id}/systems": {
      "inputs": [
        {
          "parameter_location": "path",
          "parameter_name": "advisory_id",
          "resource": "Advisory",
          "resource_field": "advisory_id"
        }
      ],
      "outputs": [
        {
          "cardinality": "MANY",
          "pointer": "/data",
          "resource": "controllers.SystemItem",
          "status_code": "200"
        }
      ]
    },
    "GET /api/patch/v1/export/advisories": {
      "inputs": [],
      "outputs": [
        {
          "cardinality": "MANY",
          "pointer": "/",
          "resource": "controllers.AdvisoryInlineItem",
          "status_code": "200"
        }
      ]
    },
    "GET /api/patch/v1/export/advisories/{advisory_id}/systems": {
      "inputs": [
        {
          "parameter_location": "path",
          "parameter_name": "advisory_id",
          "resource": "Advisory",
          "resource_field": "advisory_id"
        }
      ],
      "outputs": [
        {
          "cardinality": "MANY",
          "pointer": "/",
          "resource": "controllers.SystemInlineItem",
          "status_code": "200"
        }
      ]
    },
    "GET /api/patch/v1/export/packages": {
      "inputs": [],
      "outputs": [
        {
          "cardinality": "MANY",
          "pointer": "/",
          "resource": "controllers.PackageItem",
          "status_code": "200"
        }
      ]
    },
    "GET /api/patch/v1/export/packages/{package_name}/systems": {
      "inputs": [],
      "outputs": [
        {
          "cardinality": "MANY",
          "pointer": "/",
          "resource": "controllers.PackageSystemItem",
          "status_code": "200"
        }
      ]
    },
    "GET /api/patch/v1/export/systems": {
      "inputs": [],
      "outputs": [
        {
          "cardinality": "MANY",
          "pointer": "/",
          "resource": "controllers.SystemInlineItem",
          "status_code": "200"
        }
      ]
    },
    "GET /api/patch/v1/export/systems/{inventory_id}/advisories": {
      "inputs": [
        {
          "parameter_location": "path",
          "parameter_name": "inventory_id",
          "resource": "Inventory",
          "resource_field": "inventory_id"
        }
      ],
      "outputs": [
        {
          "cardinality": "MANY",
          "pointer": "/",
          "resource": "controllers.SystemAdvisoriesDBLookup",
          "status_code": "200"
        }
      ]
    },
    "GET /api/patch/v1/export/systems/{inventory_id}/packages": {
      "inputs": [
        {
          "parameter_location": "path",
          "parameter_name": "inventory_id",
          "resource": "Inventory",
          "resource_field": "inventory_id"
        }
      ],
      "outputs": [
        {
          "cardinality": "MANY",
          "pointer": "/",
          "resource": "controllers.SystemPackageInline",
          "status_code": "200"
        }
      ]
    },
    "GET /api/patch/v1/packages/": {
      "inputs": [],
      "outputs": [
        {
          "cardinality": "MANY",
          "pointer": "/data",
          "resource": "controllers.PackageItem",
          "status_code": "200"
        }
      ]
    },
    "GET /api/patch/v1/packages/{package_name}": {
      "inputs": [],
      "outputs": [
        {
          "cardinality": "ONE",
          "pointer": "/data",
          "resource": "controllers.PackageDetailItem",
          "status_code": "200"
        }
      ]
    },
    "GET /api/patch/v1/packages/{package_name}/systems": {
      "inputs": [],
      "outputs": [
        {
          "cardinality": "MANY",
          "pointer": "/data",
          "resource": "controllers.PackageSystemItem",
          "status_code": "200"
        }
      ]
    },
    "GET /api/patch/v1/packages/{package_name}/versions": {
      "inputs": [],
      "outputs": [
        {
          "cardinality": "MANY",
          "pointer": "/data",
          "resource": "controllers.PackageVersionItem",
          "status_code": "200"
        }
      ]
    },
    "GET /api/patch/v1/systems": {
      "inputs": [],
      "outputs": [
        {
          "cardinality": "MANY",
          "pointer": "/data",
          "resource": "controllers.SystemItem",
          "status_code": "200"
        }
      ]
    },
    "GET /api/patch/v1/systems/{inventory_id}": {
      "inputs": [
        {
          "parameter_location": "path",
          "parameter_name": "inventory_id",
          "resource": "Inventory",
          "resource_field": "inventory_id"
        }
      ],
      "outputs": [
        {
          "cardinality": "ONE",
          "pointer": "/data",
          "resource": "controllers.SystemItem",
          "status_code": "200"
        }
      ]
    },
    "GET /api/patch/v1/systems/{inventory_id}/advisories": {
      "inputs": [
        {
          "parameter_location": "path",
          "parameter_name": "inventory_id",
          "resource": "Inventory",
          "resource_field": "inventory_id"
        }
      ],
      "outputs": [
        {
          "cardinality": "MANY",
          "pointer": "/data",
          "resource": "controllers.SystemAdvisoryItem",
          "status_code": "200"
        }
      ]
    },
    "GET /api/patch/v1/systems/{inventory_id}/packages": {
      "inputs": [
        {
          "parameter_location": "path",
          "parameter_name": "inventory_id",
          "resource": "Inventory",
          "resource_field": "inventory_id"
        }
      ],
      "outputs": [
        {
          "cardinality": "MANY",
          "pointer": "/data",
          "resource": "controllers.SystemPackageData",
          "status_code": "200"
        }
      ]
    },
    "POST /api/patch/v1/views/advisories/systems": {
      "inputs": [],
      "outputs": [
        {
          "cardinality": "ONE",
          "pointer": "/data",
          "resource": "controllers.AdvisoriesSystemsResponse",
          "status_code": "200"
        }
      ]
    },
    "POST /api/patch/v1/views/systems/advisories": {
      "inputs": [],
      "outputs": [
        {
          "cardinality": "ONE",
          "pointer": "/data",
          "resource": "controllers.SystemsAdvisoriesResponse",
          "status_code": "200"
        }
      ]
    }
  },
  "resources": {
    "Advisory": {
      "fields": [
        "advisory_id"
      ],
      "types": {}
    },
    "Inventory": {
      "fields": [
        "inventory_id"
      ],
      "types": {}
    },
    "controllers.AdvisoriesSystemsResponse": {
      "fields": [],
      "types": {}
    },
    "controllers.AdvisoryDetailItem": {
      "fields": [
        "attributes",
        "id",
        "type"
      ],
      "types": {
        "attributes": [
          "array",
          "boolean",
          "null",
          "number",
          "object",
          "string"
        ],
        "id": [
          "string"
        ],
        "type": [
          "string"
        ]
      }
    },
    "controllers.AdvisoryInlineItem": {
      "fields": [
        "advisory_type",
        "applicable_systems",
        "cve_count",
        "description",
        "id",
        "public_date",
        "severity",
        "synopsis"
      ],
      "types": {
        "advisory_type": [
          "integer"
        ],
        "applicable_systems": [
          "integer"
        ],
        "cve_count": [
          "integer"
        ],
        "description": [
          "string"
        ],
        "id": [
          "string"
        ],
        "public_date": [
          "string"
        ],
        "severity": [
          "integer"
        ],
        "synopsis": [
          "string"
        ]
      }
    },
    "controllers.AdvisoryItem": {
      "fields": [
        "attributes",
        "id",
        "type"
      ],
      "types": {
        "attributes": [
          "array",
          "boolean",
          "null",
          "number",
          "object",
          "string"
        ],
        "id": [
          "string"
        ],
        "type": [
          "string"
        ]
      }
    },
    "controllers.PackageDetailItem": {
      "fields": [
        "attributes",
        "id",
        "type"
      ],
      "types": {
        "attributes": [
          "array",
          "boolean",
          "null",
          "number",
          "object",
          "string"
        ],
        "id": [
          "string"
        ],
        "type": [
          "string"
        ]
      }
    },
    "controllers.PackageItem": {
      "fields": [
        "name",
        "summary",
        "systems_installed",
        "systems_updatable"
      ],
      "types": {
        "name": [
          "string"
        ],
        "summary": [
          "string"
        ],
        "systems_installed": [
          "integer"
        ],
        "systems_updatable": [
          "integer"
        ]
      }
    },
    "controllers.PackageSystemItem": {
      "fields": [
        "available_evra",
        "display_name",
        "id",
        "installed_evra",
        "updatable"
      ],
      "types": {
        "available_evra": [
          "string"
        ],
        "display_name": [
          "string"
        ],
        "id": [
          "string"
        ],
        "installed_evra": [
          "string"
        ],
        "updatable": [
          "boolean"
        ]
      }
    },
    "controllers.PackageVersionItem": {
      "fields": [
        "evra"
      ],
      "types": {
        "evra": [
          "string"
        ]
      }
    },
    "controllers.SystemAdvisoriesDBLookup": {
      "fields": [
        "advisory_type",
        "cve_count",
        "description",
        "id",
        "public_date",
        "severity",
        "synopsis"
      ],
      "types": {
        "advisory_type": [
          "integer"
        ],
        "cve_count": [
          "integer"
        ],
        "description": [
          "string"
        ],
        "id": [
          "string"
        ],
        "public_date": [
          "string"
        ],
        "severity": [
          "integer"
        ],
        "synopsis": [
          "string"
        ]
      }
    },
    "controllers.SystemAdvisoryItem": {
      "fields": [
        "attributes",
        "id",
        "type"
      ],
      "types": {
        "attributes": [
          "array",
          "boolean",
          "null",
          "number",
          "object",
          "string"
        ],
        "id": [
          "string"
        ],
        "type": [
          "string"
        ]
      }
    },
    "controllers.SystemInlineItem": {
      "fields": [
        "created",
        "culled_timestamp",
        "display_name",
        "id",
        "insights_id",
        "last_evaluation",
        "last_upload",
        "os_major",
        "os_minor",
        "os_name",
        "other_count",
        "packages_installed",
        "packages_updatable",
        "rhba_count",
        "rhea_count",
        "rhsa_count",
        "rhsm",
        "stale",
        "stale_timestamp",
        "stale_warning_timestamp",
        "third_party"
      ],
      "types": {
        "created": [
          "string"
        ],
        "culled_timestamp": [
          "string"
        ],
        "display_name": [
          "string"
        ],
        "id": [
          "string"
        ],
        "insights_id": [
          "string"
        ],
        "last_evaluation": [
          "string"
        ],
        "last_upload": [
          "string"
        ],
        "os_major": [
          "string"
        ],
        "os_minor": [
          "string"
        ],
        "os_name": [
          "string"
        ],
        "other_count": [
          "integer"
        ],
        "packages_installed": [
          "integer"
        ],
        "packages_updatable": [
          "integer"
        ],
        "rhba_count": [
          "integer"
        ],
        "rhea_count": [
          "integer"
        ],
        "rhsa_count": [
          "integer"
        ],
        "rhsm": [
          "string"
        ],
        "stale": [
          "boolean"
        ],
        "stale_timestamp": [
          "string"
        ],
        "stale_warning_timestamp": [
          "string"
        ],
        "third_party": [
          "boolean"
        ]
      }
    },
    "controllers.SystemItem": {
      "fields": [
        "attributes",
        "id",
        "type"
      ],
      "types": {
        "attributes": [
          "array",
          "boolean",
          "null",
          "number",
          "object",
          "string"
        ],
        "id": [
          "string"
        ],
        "type": [
          "string"
        ]
      }
    },
    "controllers.SystemPackageData": {
      "fields": [
        "description",
        "evra",
        "name",
        "summary",
        "updatable",
        "updates"
      ],
      "types": {
        "description": [
          "string"
        ],
        "evra": [
          "string"
        ],
        "name": [
          "string"
        ],
        "summary": [
          "string"
        ],
        "updatable": [
          "boolean"
        ],
        "updates": [
          "array"
        ]
      }
    },
    "controllers.SystemPackageInline": {
      "fields": [
        "description",
        "evra",
        "latest_evra",
        "name",
        "summary",
        "updatable"
      ],
      "types": {
        "description": [
          "string"
        ],
        "evra": [
          "string"
        ],
        "latest_evra": [
          "string"
        ],
        "name": [
          "string"
        ],
        "summary": [
          "string"
        ],
        "updatable": [
          "boolean"
        ]
      }
    },
    "controllers.SystemsAdvisoriesResponse": {
      "fields": [],
      "types": {}
    }
  }
}
