{
  "error": {
    "message": "Failed to resolve reference: /x-unknown/UsersPaths",
    "method": null,
    "path": "/users"
  }
}
