{
  "_accessor": {
    "consumes": [],
    "produces": []
  },
  "definition": {
    "parameters": [
      {
        "in": "body",
        "name": "user",
        "required": true,
        "schema": {
          "type": "object"
        }
      }
    ],
    "responses": {
      "201": {
        "description": "Ok"
      }
    }
  },
  "method": "post",
  "path": "/users",
  "resolver": "Resolver(_base_uri='', _registry=<Registry (1 uncrawled resource)>)",
  "shared_parameters": [
    {
      "definition": {
        "in": "query",
        "name": "q",
        "required": true,
        "type": "string"
      },
      "resolver": "Resolver(_base_uri='', _registry=<Registry (1 uncrawled resource)>)"
    }
  ]
}
