{
  "_accessor": {
    "media_types": []
  },
  "definition": {
    "parameters": [
      {
        "in": "body",
        "name": "user",
        "required": true,
        "schema": {
          "type": "object"
        }
      }
    ],
    "responses": {
      "201": {
        "description": "Ok"
      }
    }
  },
  "method": "post",
  "path": "/users",
  "resolver": "Resolver(_base_uri='', _registry=<Registry (1 uncrawled resource)>)",
  "shared_parameters": []
}
