{
  "error": {
    "message": "Failed to resolve reference: unknown/paths.json#/UsersPaths",
    "method": null,
    "path": "/users"
  }
}
