{
  "error": {
    "message": "Path item should be an object, got str: invalid",
    "method": null,
    "path": "/users"
  }
}
