{
  "properties": {
    "first": {
      "properties": {
        "name": {
          "type": "string"
        },
        "parent": {
          "properties": {
            "name": {
              "type": "string"
            },
            "parent": {
              "properties": {
                "name": {
                  "type": "string"
                }
              },
              "type": "object"
            }
          },
          "type": "object"
        }
      },
      "type": "object"
    },
    "name": {
      "type": "string"
    },
    "second": {
      "properties": {
        "name": {
          "type": "string"
        },
        "parent": {
          "properties": {
            "name": {
              "type": "string"
            },
            "parent": {
              "properties": {
                "name": {
                  "type": "string"
                }
              },
              "type": "object"
            }
          },
          "type": "object"
        }
      },
      "type": "object"
    }
  },
  "type": "object"
}
