{
  "additionalProperties": {
    "additionalProperties": false,
    "type": "object"
  },
  "type": "object"
}
