{
  "items": [
    {
      "type": "string"
    }
  ],
  "maxItems": 1,
  "type": "array"
}
