{
  "anyOf": [
    {
      "type": "object"
    },
    {
      "anyOf": [
        {
          "type": "object"
        },
        {
          "anyOf": [
            {
              "type": "object"
            },
            {
              "anyOf": [
                {
                  "type": "object"
                },
                {
                  "anyOf": [
                    {
                      "type": "object"
                    },
                    {
                      "anyOf": [
                        {
                          "type": "object"
                        }
                      ]
                    }
                  ]
                }
              ]
            }
          ]
        }
      ]
    },
    {
      "anyOf": [
        {
          "type": "object"
        },
        {
          "anyOf": [
            {
              "type": "object"
            },
            {
              "anyOf": [
                {
                  "type": "object"
                },
                {
                  "anyOf": [
                    {
                      "type": "object"
                    },
                    {
                      "anyOf": [
                        {
                          "type": "object"
                        }
                      ]
                    }
                  ]
                }
              ]
            }
          ]
        }
      ]
    }
  ]
}
