{
  "patternProperties": {
    "^x": {
      "properties": {
        "name": {
          "type": "string"
        },
        "parent": {
          "properties": {
            "name": {
              "type": "string"
            },
            "parent": {
              "properties": {
                "name": {
                  "type": "string"
                }
              },
              "type": "object"
            }
          },
          "type": "object"
        }
      },
      "type": "object"
    },
    "^y": {
      "properties": {
        "name": {
          "type": "string"
        },
        "parent": {
          "properties": {
            "name": {
              "type": "string"
            },
            "parent": {
              "properties": {
                "name": {
                  "type": "string"
                }
              },
              "type": "object"
            }
          },
          "type": "object"
        }
      },
      "type": "object"
    }
  }
}
