{
  "properties": {
    "key": true,
    "name": {
      "type": "string"
    }
  },
  "type": "object"
}
