{
  "anyOf": [
    {
      "type": "object"
    },
    {
      "anyOf": [
        {
          "$ref": "#/definitions/Non-Recursive"
        },
        {
          "type": "object"
        }
      ]
    }
  ]
}
