{
  "patternProperties": {
    "^x": {
      "properties": {
        "name": {
          "type": "string"
        },
        "parent": {
          "properties": {
            "name": {
              "type": "string"
            }
          },
          "type": "object"
        }
      },
      "type": "object"
    }
  }
}
