{
  "additionalProperties": {
    "type": "object"
  },
  "properties": {
    "name": {
      "type": "string"
    }
  },
  "type": "object"
}
